2026-02-23T12:32:35.3566010Z Current runner version: '2.331.0'
2026-02-23T12:32:35.3582300Z ##[group]Runner Image Provisioner
2026-02-23T12:32:35.3582840Z Hosted Compute Agent
2026-02-23T12:32:35.3583200Z Version: 20260213.493
2026-02-23T12:32:35.3583780Z Commit: 5c115507f6dd24b8de37d8bbe0bb4509d0cc0fa3
2026-02-23T12:32:35.3584210Z Build Date: 2026-02-13T00:28:41Z
2026-02-23T12:32:35.3584620Z Worker ID: {e5d66ea3-9f04-4a96-aa23-4064282169ee}
2026-02-23T12:32:35.3585050Z Azure Region: westus
2026-02-23T12:32:35.3585380Z ##[endgroup]
2026-02-23T12:32:35.3586310Z ##[group]Operating System
2026-02-23T12:32:35.3586670Z macOS
2026-02-23T12:32:35.3586960Z 14.8.4
2026-02-23T12:32:35.3587260Z 23J319
2026-02-23T12:32:35.3587550Z ##[endgroup]
2026-02-23T12:32:35.3587870Z ##[group]Runner Image
2026-02-23T12:32:35.3588220Z Image: macos-14-arm64
2026-02-23T12:32:35.3588560Z Version: 20260218.0127.1
2026-02-23T12:32:35.3589370Z Included Software: https://github.com/actions/runner-images/blob/macos-14-arm64/20260218.0127/images/macos/macos-14-arm64-Readme.md
2026-02-23T12:32:35.3590360Z Image Release: https://github.com/actions/runner-images/releases/tag/macos-14-arm64%2F20260218.0127
2026-02-23T12:32:35.3590990Z ##[endgroup]
2026-02-23T12:32:35.3591710Z ##[group]GITHUB_TOKEN Permissions
2026-02-23T12:32:35.3593070Z Contents: read
2026-02-23T12:32:35.3593400Z Metadata: read
2026-02-23T12:32:35.3593720Z Packages: read
2026-02-23T12:32:35.3594040Z ##[endgroup]
2026-02-23T12:32:35.3596390Z Secret source: Actions
2026-02-23T12:32:35.3596820Z Prepare workflow directory
2026-02-23T12:32:35.3832320Z Prepare all required actions
2026-02-23T12:32:35.3859450Z Getting action download info
2026-02-23T12:32:35.5610380Z Download action repository 'actions/checkout@v4' (SHA:34e114876b0b11c390a56381ad16ebd13914f8d5)
2026-02-23T12:32:36.2220690Z Complete job name: Build & Test
2026-02-23T12:32:36.2658260Z ##[group]Run actions/checkout@v4
2026-02-23T12:32:36.2674760Z with:
2026-02-23T12:32:36.2675160Z   repository: vkuttyp/SQLClient-Swift
2026-02-23T12:32:36.2675760Z   token: ***
2026-02-23T12:32:36.2676080Z   ssh-strict: true
2026-02-23T12:32:36.2676390Z   ssh-user: git
2026-02-23T12:32:36.2676700Z   persist-credentials: true
2026-02-23T12:32:36.2677040Z   clean: true
2026-02-23T12:32:36.2677360Z   sparse-checkout-cone-mode: true
2026-02-23T12:32:36.2677720Z   fetch-depth: 1
2026-02-23T12:32:36.2678030Z   fetch-tags: false
2026-02-23T12:32:36.2678340Z   show-progress: true
2026-02-23T12:32:36.2678650Z   lfs: false
2026-02-23T12:32:36.2678940Z   submodules: false
2026-02-23T12:32:36.2679280Z   set-***fe-directory: true
2026-02-23T12:32:36.2680100Z ##[endgroup]
2026-02-23T12:32:36.7426650Z Syncing repository: vkuttyp/SQLClient-Swift
2026-02-23T12:32:36.7428230Z ##[group]Getting Git version info
2026-02-23T12:32:36.7428890Z Working directory is '/Users/runner/work/SQLClient-Swift/SQLClient-Swift'
2026-02-23T12:32:36.7430300Z [command]/opt/homebrew/bin/git version
2026-02-23T12:32:36.7898860Z git version 2.53.0
2026-02-23T12:32:36.7933090Z ##[endgroup]
2026-02-23T12:32:36.7952510Z Copying '/Users/runner/.gitconfig' to '/Users/runner/work/_temp/d430fd43-9029-4a39-92af-f51b27e4fe15/.gitconfig'
2026-02-23T12:32:36.7965150Z Temporarily overriding HOME='/Users/runner/work/_temp/d430fd43-9029-4a39-92af-f51b27e4fe15' before making global git config changes
2026-02-23T12:32:36.7969590Z Adding repository directory to the temporary git global config as a ***fe directory
2026-02-23T12:32:36.7970530Z [command]/opt/homebrew/bin/git config --global --add ***fe.directory /Users/runner/work/SQLClient-Swift/SQLClient-Swift
2026-02-23T12:32:36.8083310Z Deleting the contents of '/Users/runner/work/SQLClient-Swift/SQLClient-Swift'
2026-02-23T12:32:36.8094700Z ##[group]Initializing the repository
2026-02-23T12:32:36.8096940Z [command]/opt/homebrew/bin/git init /Users/runner/work/SQLClient-Swift/SQLClient-Swift
2026-02-23T12:32:36.8366360Z hint: Using 'master' as the name for the initial branch. This default branch name
2026-02-23T12:32:36.8369020Z hint: will change to "main" in Git 3.0. To configure the initial branch name
2026-02-23T12:32:36.8372060Z hint: to use in all of your new repositories, which will suppress this warning,
2026-02-23T12:32:36.8373560Z hint: call:
2026-02-23T12:32:36.8374540Z hint:
2026-02-23T12:32:36.8375600Z hint: 	git config --global init.defaultBranch <name>
2026-02-23T12:32:36.8376790Z hint:
2026-02-23T12:32:36.8377930Z hint: Names commonly chosen instead of 'master' are 'main', 'trunk' and
2026-02-23T12:32:36.8379790Z hint: 'development'. The just-created branch can be renamed via this command:
2026-02-23T12:32:36.8381230Z hint:
2026-02-23T12:32:36.8382110Z hint: 	git branch -m <name>
2026-02-23T12:32:36.8383130Z hint:
2026-02-23T12:32:36.8384970Z hint: Di***ble this mes***ge with "git config set advice.defaultBranchName false"
2026-02-23T12:32:36.8387150Z Initialized empty Git repository in /Users/runner/work/SQLClient-Swift/SQLClient-Swift/.git/
2026-02-23T12:32:36.8392630Z [command]/opt/homebrew/bin/git remote add origin https://github.com/vkuttyp/SQLClient-Swift
2026-02-23T12:32:36.8520130Z ##[endgroup]
2026-02-23T12:32:36.8523240Z ##[group]Di***bling automatic garbage collection
2026-02-23T12:32:36.8524890Z [command]/opt/homebrew/bin/git config --local gc.auto 0
2026-02-23T12:32:36.8583290Z ##[endgroup]
2026-02-23T12:32:36.8587180Z ##[group]Setting up auth
2026-02-23T12:32:36.8590190Z [command]/opt/homebrew/bin/git config --local --name-only --get-regexp core\.sshCommand
2026-02-23T12:32:36.8701270Z [command]/opt/homebrew/bin/git submodule foreach --recursive sh -c "git config --local --name-only --get-regexp 'core\.sshCommand' && git config --local --unset-all 'core.sshCommand' || :"
2026-02-23T12:32:37.0073230Z [command]/opt/homebrew/bin/git config --local --name-only --get-regexp http\.https\:\/\/github\.com\/\.extraheader
2026-02-23T12:32:37.0186300Z [command]/opt/homebrew/bin/git submodule foreach --recursive sh -c "git config --local --name-only --get-regexp 'http\.https\:\/\/github\.com\/\.extraheader' && git config --local --unset-all 'http.https://github.com/.extraheader' || :"
2026-02-23T12:32:37.0964610Z [command]/opt/homebrew/bin/git config --local --name-only --get-regexp ^includeIf\.gitdir:
2026-02-23T12:32:37.1052410Z [command]/opt/homebrew/bin/git submodule foreach --recursive git config --local --show-origin --name-only --get-regexp remote.origin.url
2026-02-23T12:32:37.2036370Z [command]/opt/homebrew/bin/git config --local http.https://github.com/.extraheader AUTHORIZATION: basic ***
2026-02-23T12:32:37.2122640Z ##[endgroup]
2026-02-23T12:32:37.2124800Z ##[group]Fetching the repository
2026-02-23T12:32:37.2143890Z [command]/opt/homebrew/bin/git -c protocol.version=2 fetch --no-tags --prune --no-recurse-submodules --depth=1 origin +13ada4d1d8c0bdce1b0c962c316baf0d31b335f6:refs/remotes/origin/main
2026-02-23T12:32:37.9308240Z From https://github.com/vkuttyp/SQLClient-Swift
2026-02-23T12:32:37.9351280Z  * [new ref]         13ada4d1d8c0bdce1b0c962c316baf0d31b335f6 -> origin/main
2026-02-23T12:32:37.9652450Z ##[endgroup]
2026-02-23T12:32:37.9654100Z ##[group]Determining the checkout info
2026-02-23T12:32:37.9657610Z ##[endgroup]
2026-02-23T12:32:37.9693890Z [command]/opt/homebrew/bin/git sparse-checkout di***ble
2026-02-23T12:32:37.9755550Z [command]/opt/homebrew/bin/git config --local --unset-all extensions.worktreeConfig
2026-02-23T12:32:37.9821600Z ##[group]Checking out the ref
2026-02-23T12:32:37.9823430Z [command]/opt/homebrew/bin/git checkout --progress --force -B main refs/remotes/origin/main
2026-02-23T12:32:37.9971790Z Switched to a new branch 'main'
2026-02-23T12:32:37.9982910Z branch 'main' set up to track 'origin/main'.
2026-02-23T12:32:37.9995850Z ##[endgroup]
2026-02-23T12:32:38.0067440Z [command]/opt/homebrew/bin/git log -1 --format=%H
2026-02-23T12:32:38.0128800Z 13ada4d1d8c0bdce1b0c962c316baf0d31b335f6
2026-02-23T12:32:38.0331740Z ##[group]Run sudo xcode-select -s /Applications/Xcode_15.4.app
2026-02-23T12:32:38.0332430Z [36;1msudo xcode-select -s /Applications/Xcode_15.4.app[0m
2026-02-23T12:32:38.0412690Z shell: /bin/bash -e {0}
2026-02-23T12:32:38.0413310Z ##[endgroup]
2026-02-23T12:32:38.1404680Z ##[group]Run brew install freetds pkg-config
2026-02-23T12:32:38.1405140Z [36;1mbrew install freetds pkg-config[0m
2026-02-23T12:32:38.1463160Z shell: /bin/bash -e {0}
2026-02-23T12:32:38.1463520Z ##[endgroup]
2026-02-23T12:32:43.0088710Z ##[warning]pkgconf 2.5.1 is already installed and up-to-date.
To reinstall 2.5.1, run:
  brew reinstall pkgconf

2026-02-23T12:32:44.0175560Z [32m==>[0m [1mFetching downloads for: [32mfreetds[39m[0m
2026-02-23T12:32:44.6084560Z ✔︎ Bottle Manifest freetds (1.5.12)
2026-02-23T12:32:45.2892160Z ✔︎ Bottle Manifest m4 (1.4.21)
2026-02-23T12:32:45.3828730Z ✔︎ Bottle Manifest unixodbc (2.3.14)
2026-02-23T12:32:45.4442590Z ✔︎ Bottle m4 (1.4.21)
2026-02-23T12:32:45.4445790Z ✔︎ Bottle Manifest libtool (2.5.4)
2026-02-23T12:32:45.4461920Z ✔︎ Bottle libtool (2.5.4)
2026-02-23T12:32:45.5690440Z ✔︎ Bottle unixodbc (2.3.14)
2026-02-23T12:32:46.2604920Z ✔︎ Bottle freetds (1.5.12)
2026-02-23T12:32:46.3312600Z [32m==>[0m [1mInstalling dependencies for freetds: [32mm4[39m, [32mlibtool[39m and [32munixodbc[39m[0m
2026-02-23T12:32:46.3315160Z [32m==>[0m [1mInstalling freetds dependency: [32mm4[39m[0m
2026-02-23T12:32:46.3334780Z [34m==>[0m [1mPouring m4--1.4.21.arm64_sonoma.bottle.tar.gz[0m
2026-02-23T12:32:48.5135880Z 🍺  /opt/homebrew/Cellar/m4/1.4.21: 14 files, 815.9KB
2026-02-23T12:32:48.5140730Z [32m==>[0m [1mInstalling freetds dependency: [32mlibtool[39m[0m
2026-02-23T12:32:48.5245910Z [34m==>[0m [1mPouring libtool--2.5.4.arm64_sonoma.bottle.tar.gz[0m
2026-02-23T12:32:49.7298460Z 🍺  /opt/homebrew/Cellar/libtool/2.5.4: 76 files, 4.1MB
2026-02-23T12:32:49.7341940Z [32m==>[0m [1mInstalling freetds dependency: [32munixodbc[39m[0m
2026-02-23T12:32:49.7523910Z [34m==>[0m [1mPouring unixodbc--2.3.14.arm64_sonoma.bottle.tar.gz[0m
2026-02-23T12:32:51.2637580Z 🍺  /opt/homebrew/Cellar/unixodbc/2.3.14: 48 files, 2.4MB
2026-02-23T12:32:51.2644010Z [32m==>[0m [1mInstalling [32mfreetds[39m[0m
2026-02-23T12:32:51.2653550Z [34m==>[0m [1mPouring freetds--1.5.12.arm64_sonoma.bottle.tar.gz[0m
2026-02-23T12:32:53.2887560Z 🍺  /opt/homebrew/Cellar/freetds/1.5.12: 1,420 files, 17.0MB
2026-02-23T12:32:53.3274680Z ##[group]Run export PKG_CONFIG_PATH="/Users/runner/work/SQLClient-Swift/SQLClient-Swift/ci"
2026-02-23T12:32:53.3275450Z [36;1mexport PKG_CONFIG_PATH="/Users/runner/work/SQLClient-Swift/SQLClient-Swift/ci"[0m
2026-02-23T12:32:53.3275980Z [36;1mecho "pkg-config check: $(pkg-config --cflags --libs freetds)"[0m
2026-02-23T12:32:53.3276380Z [36;1mswift build -v[0m
2026-02-23T12:32:53.3345160Z shell: /bin/bash -e {0}
2026-02-23T12:32:53.3345470Z ##[endgroup]
2026-02-23T12:32:53.3931280Z pkg-config check: -I/opt/homebrew/opt/freetds/include -L/opt/homebrew/opt/freetds/lib -lsybdb -liconv
2026-02-23T12:32:59.8744740Z warning: 'sqlclient-swift': /Applications/Xcode_15.4.app/Contents/Developer/Toolchains/XcodeDefault.xctoolchain/usr/bin/swift-frontend -frontend -c -primary-file /Users/runner/work/SQLClient-Swift/SQLClient-Swift/Package.swift -target arm64-apple-macosx13.0 -Xllvm -aarch64-use-tbi -enable-objc-interop -stack-check -sdk /Applications/Xcode_15.4.app/Contents/Developer/Platforms/MacOSX.platform/Developer/SDKs/MacOSX14.5.sdk -I /Applications/Xcode_15.4.app/Contents/Developer/Platforms/MacOSX.platform/Developer/usr/lib -I /Applications/Xcode_15.4.app/Contents/Developer/Toolchains/XcodeDefault.xctoolchain/usr/lib/swift/pm/ManifestAPI -F /Applications/Xcode_15.4.app/Contents/Developer/Platforms/MacOSX.platform/Developer/Library/Frameworks -vfsoverlay /var/folders/7x/mtlmm33x08j4_89tfb27m_x00000gn/T/TemporaryDirectory.PKXpzK/vfs.yaml -swift-version 5 -package-description-version 5.9.0 -new-driver-path /Applications/Xcode_15.4.app/Contents/Developer/Toolchains/XcodeDefault.xctoolchain/usr/bin/swift-driver -di***ble-implicit-concurrency-module-import -di***ble-implicit-string-processing-module-import -empty-abi-descriptor -resource-dir /Applications/Xcode_15.4.app/Contents/Developer/Toolchains/XcodeDefault.xctoolchain/usr/lib/swift -module-name main -di***ble-clang-spi -target-sdk-version 14.5 -target-sdk-name macosx14.5 -external-plugin-path '/Applications/Xcode_15.4.app/Contents/Developer/Platforms/MacOSX.platform/Developer/SDKs/MacOSX14.5.sdk/usr/lib/swift/host/plugins#/Applications/Xcode_15.4.app/Contents/Developer/Platforms/MacOSX.platform/Developer/SDKs/MacOSX14.5.sdk/usr/bin/swift-plugin-server' -external-plugin-path '/Applications/Xcode_15.4.app/Contents/Developer/Platforms/MacOSX.platform/Developer/SDKs/MacOSX14.5.sdk/usr/local/lib/swift/host/plugins#/Applications/Xcode_15.4.app/Contents/Developer/Platforms/MacOSX.platform/Developer/SDKs/MacOSX14.5.sdk/usr/bin/swift-plugin-server' -external-plugin-path '/Applications/Xcode_15.4.app/Contents/Developer/Platforms/MacOSX.platform/Developer/usr/lib/swift/host/plugins#/Applications/Xcode_15.4.app/Contents/Developer/Platforms/MacOSX.platform/Developer/usr/bin/swift-plugin-server' -external-plugin-path '/Applications/Xcode_15.4.app/Contents/Developer/Platforms/MacOSX.platform/Developer/usr/local/lib/swift/host/plugins#/Applications/Xcode_15.4.app/Contents/Developer/Platforms/MacOSX.platform/Developer/usr/bin/swift-plugin-server' -plugin-path /Applications/Xcode_15.4.app/Contents/Developer/Toolchains/XcodeDefault.xctoolchain/usr/lib/swift/host/plugins -plugin-path /Applications/Xcode_15.4.app/Contents/Developer/Toolchains/XcodeDefault.xctoolchain/usr/local/lib/swift/host/plugins -o /var/folders/7x/mtlmm33x08j4_89tfb27m_x00000gn/T/TemporaryDirectory.Iuedr4/Package-1.o
2026-02-23T12:32:59.8907040Z /Applications/Xcode_15.4.app/Contents/Developer/Toolchains/XcodeDefault.xctoolchain/usr/bin/clang /var/folders/7x/mtlmm33x08j4_89tfb27m_x00000gn/T/TemporaryDirectory.Iuedr4/Package-1.o -F /Applications/Xcode_15.4.app/Contents/Developer/Platforms/MacOSX.platform/Developer/Library/Frameworks --sysroot /Applications/Xcode_15.4.app/Contents/Developer/Platforms/MacOSX.platform/Developer/SDKs/MacOSX14.5.sdk --target=arm64-apple-macosx13.0 /Applications/Xcode_15.4.app/Contents/Developer/Toolchains/XcodeDefault.xctoolchain/usr/lib/swift/macosx/libswiftCompatibilityPacks.a -L /Applications/Xcode_15.4.app/Contents/Developer/Toolchains/XcodeDefault.xctoolchain/usr/lib/swift/macosx -L /Applications/Xcode_15.4.app/Contents/Developer/Platforms/MacOSX.platform/Developer/SDKs/MacOSX14.5.sdk/usr/lib/swift -L /Applications/Xcode_15.4.app/Contents/Developer/Toolchains/XcodeDefault.xctoolchain/usr/lib/swift/pm/ManifestAPI -L /Applications/Xcode_15.4.app/Contents/Developer/Platforms/MacOSX.platform/Developer/usr/lib -lPackageDescription -Xlinker -rpath -Xlinker /Applications/Xcode_15.4.app/Contents/Developer/Toolchains/XcodeDefault.xctoolchain/usr/lib/swift/pm/ManifestAPI -o /var/folders/7x/mtlmm33x08j4_89tfb27m_x00000gn/T/TemporaryDirectory.HiJfJp/sqlclient-swift-manifest
2026-02-23T12:32:59.8911660Z Apple Swift version 5.10 (swiftlang-5.10.0.13 clang-1500.3.9.4)
2026-02-23T12:32:59.8912320Z Target: arm64-apple-macosx13.0
2026-02-23T12:33:00.2952370Z Building for debugging...
2026-02-23T12:33:00.3011680Z Write auxiliary file /Users/runner/work/SQLClient-Swift/SQLClient-Swift/.build/arm64-apple-macosx/debug/swift-version-76B232A4806BA581.txt
2026-02-23T12:33:00.3014890Z Write auxiliary file /Users/runner/work/SQLClient-Swift/SQLClient-Swift/.build/arm64-apple-macosx/debug/SQLClientSwift.build/sources
2026-02-23T12:33:00.4391710Z /Applications/Xcode_15.4.app/Contents/Developer/Toolchains/XcodeDefault.xctoolchain/usr/bin/swiftc -module-name SQLClientSwift -emit-dependencies -emit-module -emit-module-path /Users/runner/work/SQLClient-Swift/SQLClient-Swift/.build/arm64-apple-macosx/debug/SQLClientSwift.swiftmodule -output-file-map /Users/runner/work/SQLClient-Swift/SQLClient-Swift/.build/arm64-apple-macosx/debug/SQLClientSwift.build/output-file-map.json -parse-as-library -incremental -c @/Users/runner/work/SQLClient-Swift/SQLClient-Swift/.build/arm64-apple-macosx/debug/SQLClientSwift.build/sources -I /Users/runner/work/SQLClient-Swift/SQLClient-Swift/.build/arm64-apple-macosx/debug -target arm64-apple-macosx13.0 -swift-version 5 -v -enable-batch-mode -index-store-path /Users/runner/work/SQLClient-Swift/SQLClient-Swift/.build/arm64-apple-macosx/debug/index/store -Onone -enable-testing -j3 -DSWIFT_PACKAGE -DDEBUG -Xcc -fmodule-map-file=/Users/runner/work/SQLClient-Swift/SQLClient-Swift/Sources/CFreeTDS/module.modulemap -I/opt/homebrew/opt/freetds/include -module-cache-path /Users/runner/work/SQLClient-Swift/SQLClient-Swift/.build/arm64-apple-macosx/debug/ModuleCache -parseable-output -parse-as-library -emit-objc-header -emit-objc-header-path /Users/runner/work/SQLClient-Swift/SQLClient-Swift/.build/arm64-apple-macosx/debug/SQLClientSwift.build/SQLClientSwift-Swift.h -enable-experimental-feature StrictConcurrency=complete -sdk /Applications/Xcode_15.4.app/Contents/Developer/Platforms/MacOSX.platform/Developer/SDKs/MacOSX14.5.sdk -F /Applications/Xcode_15.4.app/Contents/Developer/Platforms/MacOSX.platform/Developer/Library/Frameworks -I /Applications/Xcode_15.4.app/Contents/Developer/Platforms/MacOSX.platform/Developer/usr/lib -L /Applications/Xcode_15.4.app/Contents/Developer/Platforms/MacOSX.platform/Developer/usr/lib -g -Xcc -isysroot -Xcc /Applications/Xcode_15.4.app/Contents/Developer/Platforms/MacOSX.platform/Developer/SDKs/MacOSX14.5.sdk -Xcc -F -Xcc /Applications/Xcode_15.4.app/Contents/Developer/Platforms/MacOSX.platform/Developer/Library/Frameworks -Xcc -fPIC -Xcc -g -package-name sqlclient_swift
2026-02-23T12:33:00.5128170Z Apple Swift version 5.10 (swiftlang-5.10.0.13 clang-1500.3.9.4)
2026-02-23T12:33:00.5128800Z Target: arm64-apple-macosx13.0
2026-02-23T12:33:00.5275520Z /Applications/Xcode_15.4.app/Contents/Developer/Toolchains/XcodeDefault.xctoolchain/usr/bin/swift-frontend -frontend -c -primary-file /Users/runner/work/SQLClient-Swift/SQLClient-Swift/Sources/SQLClientSwift/SQLClient.swift /Users/runner/work/SQLClient-Swift/SQLClient-Swift/Sources/SQLClientSwift/SQLDataTable.swift /Users/runner/work/SQLClient-Swift/SQLClient-Swift/Sources/SQLClientSwift/SQLRowDecoder.swift -emit-dependencies-path /Users/runner/work/SQLClient-Swift/SQLClient-Swift/.build/arm64-apple-macosx/debug/SQLClientSwift.build/SQLClient.d -emit-reference-dependencies-path /Users/runner/work/SQLClient-Swift/SQLClient-Swift/.build/arm64-apple-macosx/debug/SQLClientSwift.build/SQLClient.swiftdeps -target arm64-apple-macosx13.0 -Xllvm -aarch64-use-tbi -enable-objc-interop -stack-check -sdk /Applications/Xcode_15.4.app/Contents/Developer/Platforms/MacOSX.platform/Developer/SDKs/MacOSX14.5.sdk -I /Users/runner/work/SQLClient-Swift/SQLClient-Swift/.build/arm64-apple-macosx/debug -I /opt/homebrew/opt/freetds/include -I /Applications/Xcode_15.4.app/Contents/Developer/Platforms/MacOSX.platform/Developer/usr/lib -F /Applications/Xcode_15.4.app/Contents/Developer/Platforms/MacOSX.platform/Developer/Library/Frameworks -enable-testing -g -module-cache-path /Users/runner/work/SQLClient-Swift/SQLClient-Swift/.build/arm64-apple-macosx/debug/ModuleCache -swift-version 5 -Onone -D SWIFT_PACKAGE -D DEBUG -new-driver-path /Applications/Xcode_15.4.app/Contents/Developer/Toolchains/XcodeDefault.xctoolchain/usr/bin/swift-driver -enable-experimental-feature StrictConcurrency=complete -empty-abi-descriptor -resource-dir /Applications/Xcode_15.4.app/Contents/Developer/Toolchains/XcodeDefault.xctoolchain/usr/lib/swift -enable-anonymous-context-mangled-names -Xcc -fmodule-map-file=/Users/runner/work/SQLClient-Swift/SQLClient-Swift/Sources/CFreeTDS/module.modulemap -Xcc -isysroot -Xcc /Applications/Xcode_15.4.app/Contents/Developer/Platforms/MacOSX.platform/Developer/SDKs/MacOSX14.5.sdk -Xcc -F -Xcc /Applications/Xcode_15.4.app/Contents/Developer/Platforms/MacOSX.platform/Developer/Library/Frameworks -Xcc -fPIC -Xcc -g -module-name SQLClientSwift -package-name sqlclient_swift -di***ble-clang-spi -target-sdk-version 14.5 -target-sdk-name macosx14.5 -external-plugin-path /Applications/Xcode_15.4.app/Contents/Developer/Platforms/MacOSX.platform/Developer/SDKs/MacOSX14.5.sdk/usr/lib/swift/host/plugins#/Applications/Xcode_15.4.app/Contents/Developer/Platforms/MacOSX.platform/Developer/SDKs/MacOSX14.5.sdk/usr/bin/swift-plugin-server -external-plugin-path /Applications/Xcode_15.4.app/Contents/Developer/Platforms/MacOSX.platform/Developer/SDKs/MacOSX14.5.sdk/usr/local/lib/swift/host/plugins#/Applications/Xcode_15.4.app/Contents/Developer/Platforms/MacOSX.platform/Developer/SDKs/MacOSX14.5.sdk/usr/bin/swift-plugin-server -external-plugin-path /Applications/Xcode_15.4.app/Contents/Developer/Platforms/MacOSX.platform/Developer/usr/lib/swift/host/plugins#/Applications/Xcode_15.4.app/Contents/Developer/Platforms/MacOSX.platform/Developer/usr/bin/swift-plugin-server -external-plugin-path /Applications/Xcode_15.4.app/Contents/Developer/Platforms/MacOSX.platform/Developer/usr/local/lib/swift/host/plugins#/Applications/Xcode_15.4.app/Contents/Developer/Platforms/MacOSX.platform/Developer/usr/bin/swift-plugin-server -plugin-path /Applications/Xcode_15.4.app/Contents/Developer/Toolchains/XcodeDefault.xctoolchain/usr/lib/swift/host/plugins -plugin-path /Applications/Xcode_15.4.app/Contents/Developer/Toolchains/XcodeDefault.xctoolchain/usr/local/lib/swift/host/plugins -parse-as-library -o /Users/runner/work/SQLClient-Swift/SQLClient-Swift/.build/arm64-apple-macosx/debug/SQLClientSwift.build/SQLClient.swift.o -index-store-path /Users/runner/work/SQLClient-Swift/SQLClient-Swift/.build/arm64-apple-macosx/debug/index/store -index-system-modules
2026-02-23T12:33:00.5404480Z /Applications/Xcode_15.4.app/Contents/Developer/Toolchains/XcodeDefault.xctoolchain/usr/bin/swift-frontend -frontend -c /Users/runner/work/SQLClient-Swift/SQLClient-Swift/Sources/SQLClientSwift/SQLClient.swift -primary-file /Users/runner/work/SQLClient-Swift/SQLClient-Swift/Sources/SQLClientSwift/SQLDataTable.swift /Users/runner/work/SQLClient-Swift/SQLClient-Swift/Sources/SQLClientSwift/SQLRowDecoder.swift -emit-dependencies-path /Users/runner/work/SQLClient-Swift/SQLClient-Swift/.build/arm64-apple-macosx/debug/SQLClientSwift.build/SQLDataTable.d -emit-reference-dependencies-path /Users/runner/work/SQLClient-Swift/SQLClient-Swift/.build/arm64-apple-macosx/debug/SQLClientSwift.build/SQLDataTable.swiftdeps -target arm64-apple-macosx13.0 -Xllvm -aarch64-use-tbi -enable-objc-interop -stack-check -sdk /Applications/Xcode_15.4.app/Contents/Developer/Platforms/MacOSX.platform/Developer/SDKs/MacOSX14.5.sdk -I /Users/runner/work/SQLClient-Swift/SQLClient-Swift/.build/arm64-apple-macosx/debug -I /opt/homebrew/opt/freetds/include -I /Applications/Xcode_15.4.app/Contents/Developer/Platforms/MacOSX.platform/Developer/usr/lib -F /Applications/Xcode_15.4.app/Contents/Developer/Platforms/MacOSX.platform/Developer/Library/Frameworks -enable-testing -g -module-cache-path /Users/runner/work/SQLClient-Swift/SQLClient-Swift/.build/arm64-apple-macosx/debug/ModuleCache -swift-version 5 -Onone -D SWIFT_PACKAGE -D DEBUG -new-driver-path /Applications/Xcode_15.4.app/Contents/Developer/Toolchains/XcodeDefault.xctoolchain/usr/bin/swift-driver -enable-experimental-feature StrictConcurrency=complete -empty-abi-descriptor -resource-dir /Applications/Xcode_15.4.app/Contents/Developer/Toolchains/XcodeDefault.xctoolchain/usr/lib/swift -enable-anonymous-context-mangled-names -Xcc -fmodule-map-file=/Users/runner/work/SQLClient-Swift/SQLClient-Swift/Sources/CFreeTDS/module.modulemap -Xcc -isysroot -Xcc /Applications/Xcode_15.4.app/Contents/Developer/Platforms/MacOSX.platform/Developer/SDKs/MacOSX14.5.sdk -Xcc -F -Xcc /Applications/Xcode_15.4.app/Contents/Developer/Platforms/MacOSX.platform/Developer/Library/Frameworks -Xcc -fPIC -Xcc -g -module-name SQLClientSwift -package-name sqlclient_swift -di***ble-clang-spi -target-sdk-version 14.5 -target-sdk-name macosx14.5 -external-plugin-path /Applications/Xcode_15.4.app/Contents/Developer/Platforms/MacOSX.platform/Developer/SDKs/MacOSX14.5.sdk/usr/lib/swift/host/plugins#/Applications/Xcode_15.4.app/Contents/Developer/Platforms/MacOSX.platform/Developer/SDKs/MacOSX14.5.sdk/usr/bin/swift-plugin-server -external-plugin-path /Applications/Xcode_15.4.app/Contents/Developer/Platforms/MacOSX.platform/Developer/SDKs/MacOSX14.5.sdk/usr/local/lib/swift/host/plugins#/Applications/Xcode_15.4.app/Contents/Developer/Platforms/MacOSX.platform/Developer/SDKs/MacOSX14.5.sdk/usr/bin/swift-plugin-server -external-plugin-path /Applications/Xcode_15.4.app/Contents/Developer/Platforms/MacOSX.platform/Developer/usr/lib/swift/host/plugins#/Applications/Xcode_15.4.app/Contents/Developer/Platforms/MacOSX.platform/Developer/usr/bin/swift-plugin-server -external-plugin-path /Applications/Xcode_15.4.app/Contents/Developer/Platforms/MacOSX.platform/Developer/usr/local/lib/swift/host/plugins#/Applications/Xcode_15.4.app/Contents/Developer/Platforms/MacOSX.platform/Developer/usr/bin/swift-plugin-server -plugin-path /Applications/Xcode_15.4.app/Contents/Developer/Toolchains/XcodeDefault.xctoolchain/usr/lib/swift/host/plugins -plugin-path /Applications/Xcode_15.4.app/Contents/Developer/Toolchains/XcodeDefault.xctoolchain/usr/local/lib/swift/host/plugins -parse-as-library -o /Users/runner/work/SQLClient-Swift/SQLClient-Swift/.build/arm64-apple-macosx/debug/SQLClientSwift.build/SQLDataTable.swift.o -index-store-path /Users/runner/work/SQLClient-Swift/SQLClient-Swift/.build/arm64-apple-macosx/debug/index/store -index-system-modules
2026-02-23T12:33:00.5513850Z /Applications/Xcode_15.4.app/Contents/Developer/Toolchains/XcodeDefault.xctoolchain/usr/bin/swift-frontend -frontend -emit-module -experimental-skip-non-inlinable-function-bodies-without-types /Users/runner/work/SQLClient-Swift/SQLClient-Swift/Sources/SQLClientSwift/SQLClient.swift /Users/runner/work/SQLClient-Swift/SQLClient-Swift/Sources/SQLClientSwift/SQLDataTable.swift /Users/runner/work/SQLClient-Swift/SQLClient-Swift/Sources/SQLClientSwift/SQLRowDecoder.swift -target arm64-apple-macosx13.0 -Xllvm -aarch64-use-tbi -enable-objc-interop -stack-check -sdk /Applications/Xcode_15.4.app/Contents/Developer/Platforms/MacOSX.platform/Developer/SDKs/MacOSX14.5.sdk -I /Users/runner/work/SQLClient-Swift/SQLClient-Swift/.build/arm64-apple-macosx/debug -I /opt/homebrew/opt/freetds/include -I /Applications/Xcode_15.4.app/Contents/Developer/Platforms/MacOSX.platform/Developer/usr/lib -F /Applications/Xcode_15.4.app/Contents/Developer/Platforms/MacOSX.platform/Developer/Library/Frameworks -enable-testing -g -module-cache-path /Users/runner/work/SQLClient-Swift/SQLClient-Swift/.build/arm64-apple-macosx/debug/ModuleCache -swift-version 5 -Onone -D SWIFT_PACKAGE -D DEBUG -new-driver-path /Applications/Xcode_15.4.app/Contents/Developer/Toolchains/XcodeDefault.xctoolchain/usr/bin/swift-driver -enable-experimental-feature StrictConcurrency=complete -empty-abi-descriptor -resource-dir /Applications/Xcode_15.4.app/Contents/Developer/Toolchains/XcodeDefault.xctoolchain/usr/lib/swift -enable-anonymous-context-mangled-names -Xcc -fmodule-map-file=/Users/runner/work/SQLClient-Swift/SQLClient-Swift/Sources/CFreeTDS/module.modulemap -Xcc -isysroot -Xcc /Applications/Xcode_15.4.app/Contents/Developer/Platforms/MacOSX.platform/Developer/SDKs/MacOSX14.5.sdk -Xcc -F -Xcc /Applications/Xcode_15.4.app/Contents/Developer/Platforms/MacOSX.platform/Developer/Library/Frameworks -Xcc -fPIC -Xcc -g -module-name SQLClientSwift -package-name sqlclient_swift -di***ble-clang-spi -target-sdk-version 14.5 -target-sdk-name macosx14.5 -external-plugin-path /Applications/Xcode_15.4.app/Contents/Developer/Platforms/MacOSX.platform/Developer/SDKs/MacOSX14.5.sdk/usr/lib/swift/host/plugins#/Applications/Xcode_15.4.app/Contents/Developer/Platforms/MacOSX.platform/Developer/SDKs/MacOSX14.5.sdk/usr/bin/swift-plugin-server -external-plugin-path /Applications/Xcode_15.4.app/Contents/Developer/Platforms/MacOSX.platform/Developer/SDKs/MacOSX14.5.sdk/usr/local/lib/swift/host/plugins#/Applications/Xcode_15.4.app/Contents/Developer/Platforms/MacOSX.platform/Developer/SDKs/MacOSX14.5.sdk/usr/bin/swift-plugin-server -external-plugin-path /Applications/Xcode_15.4.app/Contents/Developer/Platforms/MacOSX.platform/Developer/usr/lib/swift/host/plugins#/Applications/Xcode_15.4.app/Contents/Developer/Platforms/MacOSX.platform/Developer/usr/bin/swift-plugin-server -external-plugin-path /Applications/Xcode_15.4.app/Contents/Developer/Platforms/MacOSX.platform/Developer/usr/local/lib/swift/host/plugins#/Applications/Xcode_15.4.app/Contents/Developer/Platforms/MacOSX.platform/Developer/usr/bin/swift-plugin-server -plugin-path /Applications/Xcode_15.4.app/Contents/Developer/Toolchains/XcodeDefault.xctoolchain/usr/lib/swift/host/plugins -plugin-path /Applications/Xcode_15.4.app/Contents/Developer/Toolchains/XcodeDefault.xctoolchain/usr/local/lib/swift/host/plugins -emit-module-doc-path /Users/runner/work/SQLClient-Swift/SQLClient-Swift/.build/arm64-apple-macosx/debug/SQLClientSwift.swiftdoc -emit-module-source-info-path /Users/runner/work/SQLClient-Swift/SQLClient-Swift/.build/arm64-apple-macosx/debug/SQLClientSwift.swiftsourceinfo -emit-objc-header-path /Users/runner/work/SQLClient-Swift/SQLClient-Swift/.build/arm64-apple-macosx/debug/SQLClientSwift.build/SQLClientSwift-Swift.h -emit-dependencies-path /Users/runner/work/SQLClient-Swift/SQLClient-Swift/.build/arm64-apple-macosx/debug/SQLClientSwift.build/SQLClientSwift.emit-module.d -parse-as-library -o /Users/runner/work/SQLClient-Swift/SQLClient-Swift/.build/arm64-apple-macosx/debug/SQLClientSwift.swiftmodule -emit-abi-descriptor-path /Users/runner/work/SQLClient-Swift/SQLClient-Swift/.build/arm64-apple-macosx/debug/SQLClientSwift.abi.json
2026-02-23T12:33:07.3332370Z /Users/runner/work/SQLClient-Swift/SQLClient-Swift/Sources/SQLClientSwift/SQLDataTable.swift:292:39: warning: type 'AnyObject' does not conform to the 'Sendable' protocol
2026-02-23T12:33:07.3364540Z                 let value: Sendable = cell.anyValue.map { $0 as AnyObject } ?? NSNull()
2026-02-23T12:33:07.3366120Z                                       ^
2026-02-23T12:33:07.3367970Z /Users/runner/work/SQLClient-Swift/SQLClient-Swift/Sources/SQLClientSwift/SQLDataTable.swift:306:39: warning: type 'AnyObject' does not conform to the 'Sendable' protocol
2026-02-23T12:33:07.3370270Z                 let value: Sendable = cell.anyValue.map { $0 as AnyObject } ?? NSNull()
2026-02-23T12:33:07.3371350Z                                       ^
2026-02-23T12:33:07.3376030Z /Users/runner/work/SQLClient-Swift/SQLClient-Swift/Sources/SQLClientSwift/SQLClient.swift:373:19: warning: initialization of 'Un***feMutableRawPointer' results in a dangling pointer
2026-02-23T12:33:07.3387020Z                   Un***feMutableRawPointer(&dbdt).assumingMemoryBound(to: UInt8.self),
2026-02-23T12:33:07.3387710Z                   ^~~~~~~~~~~~~~~~~~~~~~~~~~~~~~
2026-02-23T12:33:07.3390670Z /Users/runner/work/SQLClient-Swift/SQLClient-Swift/Sources/SQLClientSwift/SQLClient.swift:373:43: note: implicit argument conversion from 'DBDATETIME' to 'Un***feMutableRawPointer' produces a pointer valid only for the duration of the call to 'init(_:)'
2026-02-23T12:33:07.3392030Z                   Un***feMutableRawPointer(&dbdt).assumingMemoryBound(to: UInt8.self),
2026-02-23T12:33:07.3409280Z                                           ^~~~~
2026-02-23T12:33:07.3410420Z /Users/runner/work/SQLClient-Swift/SQLClient-Swift/Sources/SQLClientSwift/SQLClient.swift:373:43: note: use 'withUn***feMutableBytes' in order to explicitly convert argument to buffer pointer valid for a defined scope
2026-02-23T12:33:07.3411430Z                   Un***feMutableRawPointer(&dbdt).assumingMemoryBound(to: UInt8.self),
2026-02-23T12:33:07.3411990Z                                           ^
2026-02-23T12:33:07.3412930Z /Users/runner/work/SQLClient-Swift/SQLClient-Swift/Sources/SQLClientSwift/SQLClient.swift:387:28: warning: initialization of 'Un***feMutableRawPointer' results in a dangling pointer
2026-02-23T12:33:07.3413890Z                            Un***feMutableRawPointer(&buf).assumingMemoryBound(to: UInt8.self),
2026-02-23T12:33:07.3414400Z                            ^~~~~~~~~~~~~~~~~~~~~~~~~~~~~
2026-02-23T12:33:07.3415990Z /Users/runner/work/SQLClient-Swift/SQLClient-Swift/Sources/SQLClientSwift/SQLClient.swift:387:52: note: implicit argument conversion from '[CChar]' (aka 'Array<Int8>') to 'Un***feMutableRawPointer' produces a pointer valid only for the duration of the call to 'init(_:)'
2026-02-23T12:33:07.3420840Z                            Un***feMutableRawPointer(&buf).assumingMemoryBound(to: UInt8.self),
2026-02-23T12:33:07.3421280Z                                                    ^~~~
2026-02-23T12:33:07.3422260Z /Users/runner/work/SQLClient-Swift/SQLClient-Swift/Sources/SQLClientSwift/SQLClient.swift:387:52: note: use the 'withUn***feMutableBytes' method on Array in order to explicitly convert argument to buffer pointer valid for a defined scope
2026-02-23T12:33:07.3423170Z                            Un***feMutableRawPointer(&buf).assumingMemoryBound(to: UInt8.self),
2026-02-23T12:33:07.3423660Z                                                    ^
2026-02-23T12:33:07.3424430Z /Users/runner/work/SQLClient-Swift/SQLClient-Swift/Sources/SQLClientSwift/SQLClient.swift:398:19: warning: initialization of 'Un***feMutableRawPointer' results in a dangling pointer
2026-02-23T12:33:07.3425160Z                   Un***feMutableRawPointer(&buf).assumingMemoryBound(to: UInt8.self),
2026-02-23T12:33:07.3425550Z                   ^~~~~~~~~~~~~~~~~~~~~~~~~~~~~
2026-02-23T12:33:07.3426530Z /Users/runner/work/SQLClient-Swift/SQLClient-Swift/Sources/SQLClientSwift/SQLClient.swift:398:43: note: implicit argument conversion from '[CChar]' (aka 'Array<Int8>') to 'Un***feMutableRawPointer' produces a pointer valid only for the duration of the call to 'init(_:)'
2026-02-23T12:33:07.3427460Z                   Un***feMutableRawPointer(&buf).assumingMemoryBound(to: UInt8.self),
2026-02-23T12:33:07.3427920Z                                           ^~~~
2026-02-23T12:33:07.3428690Z /Users/runner/work/SQLClient-Swift/SQLClient-Swift/Sources/SQLClientSwift/SQLClient.swift:398:43: note: use the 'withUn***feMutableBytes' method on Array in order to explicitly convert argument to buffer pointer valid for a defined scope
2026-02-23T12:33:07.3429590Z                   Un***feMutableRawPointer(&buf).assumingMemoryBound(to: UInt8.self),
2026-02-23T12:33:07.3429900Z                                           ^
2026-02-23T12:33:07.4526030Z /Applications/Xcode_15.4.app/Contents/Developer/Toolchains/XcodeDefault.xctoolchain/usr/bin/swift-frontend -frontend -c /Users/runner/work/SQLClient-Swift/SQLClient-Swift/Sources/SQLClientSwift/SQLClient.swift /Users/runner/work/SQLClient-Swift/SQLClient-Swift/Sources/SQLClientSwift/SQLDataTable.swift -primary-file /Users/runner/work/SQLClient-Swift/SQLClient-Swift/Sources/SQLClientSwift/SQLRowDecoder.swift -emit-dependencies-path /Users/runner/work/SQLClient-Swift/SQLClient-Swift/.build/arm64-apple-macosx/debug/SQLClientSwift.build/SQLRowDecoder.d -emit-reference-dependencies-path /Users/runner/work/SQLClient-Swift/SQLClient-Swift/.build/arm64-apple-macosx/debug/SQLClientSwift.build/SQLRowDecoder.swiftdeps -target arm64-apple-macosx13.0 -Xllvm -aarch64-use-tbi -enable-objc-interop -stack-check -sdk /Applications/Xcode_15.4.app/Contents/Developer/Platforms/MacOSX.platform/Developer/SDKs/MacOSX14.5.sdk -I /Users/runner/work/SQLClient-Swift/SQLClient-Swift/.build/arm64-apple-macosx/debug -I /opt/homebrew/opt/freetds/include -I /Applications/Xcode_15.4.app/Contents/Developer/Platforms/MacOSX.platform/Developer/usr/lib -F /Applications/Xcode_15.4.app/Contents/Developer/Platforms/MacOSX.platform/Developer/Library/Frameworks -enable-testing -g -module-cache-path /Users/runner/work/SQLClient-Swift/SQLClient-Swift/.build/arm64-apple-macosx/debug/ModuleCache -swift-version 5 -Onone -D SWIFT_PACKAGE -D DEBUG -new-driver-path /Applications/Xcode_15.4.app/Contents/Developer/Toolchains/XcodeDefault.xctoolchain/usr/bin/swift-driver -enable-experimental-feature StrictConcurrency=complete -empty-abi-descriptor -resource-dir /Applications/Xcode_15.4.app/Contents/Developer/Toolchains/XcodeDefault.xctoolchain/usr/lib/swift -enable-anonymous-context-mangled-names -Xcc -fmodule-map-file=/Users/runner/work/SQLClient-Swift/SQLClient-Swift/Sources/CFreeTDS/module.modulemap -Xcc -isysroot -Xcc /Applications/Xcode_15.4.app/Contents/Developer/Platforms/MacOSX.platform/Developer/SDKs/MacOSX14.5.sdk -Xcc -F -Xcc /Applications/Xcode_15.4.app/Contents/Developer/Platforms/MacOSX.platform/Developer/Library/Frameworks -Xcc -fPIC -Xcc -g -module-name SQLClientSwift -package-name sqlclient_swift -di***ble-clang-spi -target-sdk-version 14.5 -target-sdk-name macosx14.5 -external-plugin-path /Applications/Xcode_15.4.app/Contents/Developer/Platforms/MacOSX.platform/Developer/SDKs/MacOSX14.5.sdk/usr/lib/swift/host/plugins#/Applications/Xcode_15.4.app/Contents/Developer/Platforms/MacOSX.platform/Developer/SDKs/MacOSX14.5.sdk/usr/bin/swift-plugin-server -external-plugin-path /Applications/Xcode_15.4.app/Contents/Developer/Platforms/MacOSX.platform/Developer/SDKs/MacOSX14.5.sdk/usr/local/lib/swift/host/plugins#/Applications/Xcode_15.4.app/Contents/Developer/Platforms/MacOSX.platform/Developer/SDKs/MacOSX14.5.sdk/usr/bin/swift-plugin-server -external-plugin-path /Applications/Xcode_15.4.app/Contents/Developer/Platforms/MacOSX.platform/Developer/usr/lib/swift/host/plugins#/Applications/Xcode_15.4.app/Contents/Developer/Platforms/MacOSX.platform/Developer/usr/bin/swift-plugin-server -external-plugin-path /Applications/Xcode_15.4.app/Contents/Developer/Platforms/MacOSX.platform/Developer/usr/local/lib/swift/host/plugins#/Applications/Xcode_15.4.app/Contents/Developer/Platforms/MacOSX.platform/Developer/usr/bin/swift-plugin-server -plugin-path /Applications/Xcode_15.4.app/Contents/Developer/Toolchains/XcodeDefault.xctoolchain/usr/lib/swift/host/plugins -plugin-path /Applications/Xcode_15.4.app/Contents/Developer/Toolchains/XcodeDefault.xctoolchain/usr/local/lib/swift/host/plugins -parse-as-library -o /Users/runner/work/SQLClient-Swift/SQLClient-Swift/.build/arm64-apple-macosx/debug/SQLClientSwift.build/SQLRowDecoder.swift.o -index-store-path /Users/runner/work/SQLClient-Swift/SQLClient-Swift/.build/arm64-apple-macosx/debug/index/store -index-system-modules
2026-02-23T12:33:07.7536900Z Build complete! (9.22s)
2026-02-23T12:33:07.7696070Z ##[group]Run export PKG_CONFIG_PATH="/Users/runner/work/SQLClient-Swift/SQLClient-Swift/ci"
2026-02-23T12:33:07.7696770Z [36;1mexport PKG_CONFIG_PATH="/Users/runner/work/SQLClient-Swift/SQLClient-Swift/ci"[0m
2026-02-23T12:33:07.7697260Z [36;1mswift test -v[0m
2026-02-23T12:33:07.7787700Z shell: /bin/bash -e {0}
2026-02-23T12:33:07.7788200Z env:
2026-02-23T12:33:07.7788730Z   HOST: ***
2026-02-23T12:33:07.7789380Z   USERNAME: ***
2026-02-23T12:33:07.7789930Z   PASSWORD: ***
2026-02-23T12:33:07.7790350Z   DATABASE: ***
2026-02-23T12:33:07.7790840Z ##[endgroup]
2026-02-23T12:33:08.0893660Z Planning build
2026-02-23T12:33:08.3703530Z warning: 'sqlclient-swift': /Applications/Xcode_15.4.app/Contents/Developer/Toolchains/XcodeDefault.xctoolchain/usr/bin/swift-frontend -frontend -c -primary-file /Users/runner/work/SQLClient-Swift/SQLClient-Swift/Package.swift -target arm64-apple-macosx13.0 -Xllvm -aarch64-use-tbi -enable-objc-interop -stack-check -sdk /Applications/Xcode_15.4.app/Contents/Developer/Platforms/MacOSX.platform/Developer/SDKs/MacOSX14.5.sdk -I /Applications/Xcode_15.4.app/Contents/Developer/Platforms/MacOSX.platform/Developer/usr/lib -I /Applications/Xcode_15.4.app/Contents/Developer/Toolchains/XcodeDefault.xctoolchain/usr/lib/swift/pm/ManifestAPI -F /Applications/Xcode_15.4.app/Contents/Developer/Platforms/MacOSX.platform/Developer/Library/Frameworks -vfsoverlay /var/folders/7x/mtlmm33x08j4_89tfb27m_x00000gn/T/TemporaryDirectory.CG2c70/vfs.yaml -swift-version 5 -package-description-version 5.9.0 -new-driver-path /Applications/Xcode_15.4.app/Contents/Developer/Toolchains/XcodeDefault.xctoolchain/usr/bin/swift-driver -di***ble-implicit-concurrency-module-import -di***ble-implicit-string-processing-module-import -empty-abi-descriptor -resource-dir /Applications/Xcode_15.4.app/Contents/Developer/Toolchains/XcodeDefault.xctoolchain/usr/lib/swift -module-name main -di***ble-clang-spi -target-sdk-version 14.5 -target-sdk-name macosx14.5 -external-plugin-path '/Applications/Xcode_15.4.app/Contents/Developer/Platforms/MacOSX.platform/Developer/SDKs/MacOSX14.5.sdk/usr/lib/swift/host/plugins#/Applications/Xcode_15.4.app/Contents/Developer/Platforms/MacOSX.platform/Developer/SDKs/MacOSX14.5.sdk/usr/bin/swift-plugin-server' -external-plugin-path '/Applications/Xcode_15.4.app/Contents/Developer/Platforms/MacOSX.platform/Developer/SDKs/MacOSX14.5.sdk/usr/local/lib/swift/host/plugins#/Applications/Xcode_15.4.app/Contents/Developer/Platforms/MacOSX.platform/Developer/SDKs/MacOSX14.5.sdk/usr/bin/swift-plugin-server' -external-plugin-path '/Applications/Xcode_15.4.app/Contents/Developer/Platforms/MacOSX.platform/Developer/usr/lib/swift/host/plugins#/Applications/Xcode_15.4.app/Contents/Developer/Platforms/MacOSX.platform/Developer/usr/bin/swift-plugin-server' -external-plugin-path '/Applications/Xcode_15.4.app/Contents/Developer/Platforms/MacOSX.platform/Developer/usr/local/lib/swift/host/plugins#/Applications/Xcode_15.4.app/Contents/Developer/Platforms/MacOSX.platform/Developer/usr/bin/swift-plugin-server' -plugin-path /Applications/Xcode_15.4.app/Contents/Developer/Toolchains/XcodeDefault.xctoolchain/usr/lib/swift/host/plugins -plugin-path /Applications/Xcode_15.4.app/Contents/Developer/Toolchains/XcodeDefault.xctoolchain/usr/local/lib/swift/host/plugins -o /var/folders/7x/mtlmm33x08j4_89tfb27m_x00000gn/T/TemporaryDirectory.OGWpyi/Package-1.o
2026-02-23T12:33:08.3727240Z /Applications/Xcode_15.4.app/Contents/Developer/Toolchains/XcodeDefault.xctoolchain/usr/bin/clang /var/folders/7x/mtlmm33x08j4_89tfb27m_x00000gn/T/TemporaryDirectory.OGWpyi/Package-1.o -F /Applications/Xcode_15.4.app/Contents/Developer/Platforms/MacOSX.platform/Developer/Library/Frameworks --sysroot /Applications/Xcode_15.4.app/Contents/Developer/Platforms/MacOSX.platform/Developer/SDKs/MacOSX14.5.sdk --target=arm64-apple-macosx13.0 /Applications/Xcode_15.4.app/Contents/Developer/Toolchains/XcodeDefault.xctoolchain/usr/lib/swift/macosx/libswiftCompatibilityPacks.a -L /Applications/Xcode_15.4.app/Contents/Developer/Toolchains/XcodeDefault.xctoolchain/usr/lib/swift/macosx -L /Applications/Xcode_15.4.app/Contents/Developer/Platforms/MacOSX.platform/Developer/SDKs/MacOSX14.5.sdk/usr/lib/swift -L /Applications/Xcode_15.4.app/Contents/Developer/Toolchains/XcodeDefault.xctoolchain/usr/lib/swift/pm/ManifestAPI -L /Applications/Xcode_15.4.app/Contents/Developer/Platforms/MacOSX.platform/Developer/usr/lib -lPackageDescription -Xlinker -rpath -Xlinker /Applications/Xcode_15.4.app/Contents/Developer/Toolchains/XcodeDefault.xctoolchain/usr/lib/swift/pm/ManifestAPI -o /var/folders/7x/mtlmm33x08j4_89tfb27m_x00000gn/T/TemporaryDirectory.kHC5Qo/sqlclient-swift-manifest
2026-02-23T12:33:08.3731620Z Apple Swift version 5.10 (swiftlang-5.10.0.13 clang-1500.3.9.4)
2026-02-23T12:33:08.3760150Z Target: arm64-apple-macosx13.0
2026-02-23T12:33:08.5674730Z Building for debugging...
2026-02-23T12:33:08.5694130Z Write auxiliary file /Users/runner/work/SQLClient-Swift/SQLClient-Swift/.build/arm64-apple-macosx/debug/SQLClientSwiftTests.build/sources
2026-02-23T12:33:08.5695430Z Write auxiliary file /Users/runner/work/SQLClient-Swift/SQLClient-Swift/.build/arm64-apple-macosx/debug/swift-version-76B232A4806BA581.txt
2026-02-23T12:33:08.6686140Z /Applications/Xcode_15.4.app/Contents/Developer/Toolchains/XcodeDefault.xctoolchain/usr/bin/swiftc -module-name SQLClientSwiftTests -emit-dependencies -emit-module -emit-module-path /Users/runner/work/SQLClient-Swift/SQLClient-Swift/.build/arm64-apple-macosx/debug/SQLClientSwiftTests.swiftmodule -output-file-map /Users/runner/work/SQLClient-Swift/SQLClient-Swift/.build/arm64-apple-macosx/debug/SQLClientSwiftTests.build/output-file-map.json -parse-as-library -incremental -c @/Users/runner/work/SQLClient-Swift/SQLClient-Swift/.build/arm64-apple-macosx/debug/SQLClientSwiftTests.build/sources -I /Users/runner/work/SQLClient-Swift/SQLClient-Swift/.build/arm64-apple-macosx/debug -target arm64-apple-macosx13.0 -swift-version 5 -v -enable-batch-mode -index-store-path /Users/runner/work/SQLClient-Swift/SQLClient-Swift/.build/arm64-apple-macosx/debug/index/store -Onone -enable-testing -j3 -DSWIFT_PACKAGE -DDEBUG -Xcc -fmodule-map-file=/Users/runner/work/SQLClient-Swift/SQLClient-Swift/Sources/CFreeTDS/module.modulemap -I/opt/homebrew/opt/freetds/include -module-cache-path /Users/runner/work/SQLClient-Swift/SQLClient-Swift/.build/arm64-apple-macosx/debug/ModuleCache -parseable-output -parse-as-library -sdk /Applications/Xcode_15.4.app/Contents/Developer/Platforms/MacOSX.platform/Developer/SDKs/MacOSX14.5.sdk -F /Applications/Xcode_15.4.app/Contents/Developer/Platforms/MacOSX.platform/Developer/Library/Frameworks -I /Applications/Xcode_15.4.app/Contents/Developer/Platforms/MacOSX.platform/Developer/usr/lib -L /Applications/Xcode_15.4.app/Contents/Developer/Platforms/MacOSX.platform/Developer/usr/lib -g -Xcc -isysroot -Xcc /Applications/Xcode_15.4.app/Contents/Developer/Platforms/MacOSX.platform/Developer/SDKs/MacOSX14.5.sdk -Xcc -F -Xcc /Applications/Xcode_15.4.app/Contents/Developer/Platforms/MacOSX.platform/Developer/Library/Frameworks -Xcc -fPIC -Xcc -g -package-name sqlclient_swift
2026-02-23T12:33:08.7271240Z Apple Swift version 5.10 (swiftlang-5.10.0.13 clang-1500.3.9.4)
2026-02-23T12:33:08.7302980Z Target: arm64-apple-macosx13.0
2026-02-23T12:33:08.7418280Z /Applications/Xcode_15.4.app/Contents/Developer/Toolchains/XcodeDefault.xctoolchain/usr/bin/swift-frontend -frontend -c -primary-file /Users/runner/work/SQLClient-Swift/SQLClient-Swift/Tests/SQLClientSwiftTests/SQLClientSwiftTests.swift -emit-dependencies-path /Users/runner/work/SQLClient-Swift/SQLClient-Swift/.build/arm64-apple-macosx/debug/SQLClientSwiftTests.build/SQLClientSwiftTests.d -emit-reference-dependencies-path /Users/runner/work/SQLClient-Swift/SQLClient-Swift/.build/arm64-apple-macosx/debug/SQLClientSwiftTests.build/SQLClientSwiftTests.swiftdeps -target arm64-apple-macosx13.0 -Xllvm -aarch64-use-tbi -enable-objc-interop -stack-check -sdk /Applications/Xcode_15.4.app/Contents/Developer/Platforms/MacOSX.platform/Developer/SDKs/MacOSX14.5.sdk -I /Users/runner/work/SQLClient-Swift/SQLClient-Swift/.build/arm64-apple-macosx/debug -I /opt/homebrew/opt/freetds/include -I /Applications/Xcode_15.4.app/Contents/Developer/Platforms/MacOSX.platform/Developer/usr/lib -F /Applications/Xcode_15.4.app/Contents/Developer/Platforms/MacOSX.platform/Developer/Library/Frameworks -enable-testing -g -module-cache-path /Users/runner/work/SQLClient-Swift/SQLClient-Swift/.build/arm64-apple-macosx/debug/ModuleCache -swift-version 5 -Onone -D SWIFT_PACKAGE -D DEBUG -new-driver-path /Applications/Xcode_15.4.app/Contents/Developer/Toolchains/XcodeDefault.xctoolchain/usr/bin/swift-driver -empty-abi-descriptor -resource-dir /Applications/Xcode_15.4.app/Contents/Developer/Toolchains/XcodeDefault.xctoolchain/usr/lib/swift -enable-anonymous-context-mangled-names -Xcc -fmodule-map-file=/Users/runner/work/SQLClient-Swift/SQLClient-Swift/Sources/CFreeTDS/module.modulemap -Xcc -isysroot -Xcc /Applications/Xcode_15.4.app/Contents/Developer/Platforms/MacOSX.platform/Developer/SDKs/MacOSX14.5.sdk -Xcc -F -Xcc /Applications/Xcode_15.4.app/Contents/Developer/Platforms/MacOSX.platform/Developer/Library/Frameworks -Xcc -fPIC -Xcc -g -module-name SQLClientSwiftTests -package-name sqlclient_swift -di***ble-clang-spi -target-sdk-version 14.5 -target-sdk-name macosx14.5 -external-plugin-path /Applications/Xcode_15.4.app/Contents/Developer/Platforms/MacOSX.platform/Developer/SDKs/MacOSX14.5.sdk/usr/lib/swift/host/plugins#/Applications/Xcode_15.4.app/Contents/Developer/Platforms/MacOSX.platform/Developer/SDKs/MacOSX14.5.sdk/usr/bin/swift-plugin-server -external-plugin-path /Applications/Xcode_15.4.app/Contents/Developer/Platforms/MacOSX.platform/Developer/SDKs/MacOSX14.5.sdk/usr/local/lib/swift/host/plugins#/Applications/Xcode_15.4.app/Contents/Developer/Platforms/MacOSX.platform/Developer/SDKs/MacOSX14.5.sdk/usr/bin/swift-plugin-server -external-plugin-path /Applications/Xcode_15.4.app/Contents/Developer/Platforms/MacOSX.platform/Developer/usr/lib/swift/host/plugins#/Applications/Xcode_15.4.app/Contents/Developer/Platforms/MacOSX.platform/Developer/usr/bin/swift-plugin-server -external-plugin-path /Applications/Xcode_15.4.app/Contents/Developer/Platforms/MacOSX.platform/Developer/usr/local/lib/swift/host/plugins#/Applications/Xcode_15.4.app/Contents/Developer/Platforms/MacOSX.platform/Developer/usr/bin/swift-plugin-server -plugin-path /Applications/Xcode_15.4.app/Contents/Developer/Toolchains/XcodeDefault.xctoolchain/usr/lib/swift/host/plugins -plugin-path /Applications/Xcode_15.4.app/Contents/Developer/Toolchains/XcodeDefault.xctoolchain/usr/local/lib/swift/host/plugins -parse-as-library -o /Users/runner/work/SQLClient-Swift/SQLClient-Swift/.build/arm64-apple-macosx/debug/SQLClientSwiftTests.build/SQLClientSwiftTests.swift.o -index-store-path /Users/runner/work/SQLClient-Swift/SQLClient-Swift/.build/arm64-apple-macosx/debug/index/store -index-system-modules
2026-02-23T12:33:08.7585160Z /Applications/Xcode_15.4.app/Contents/Developer/Toolchains/XcodeDefault.xctoolchain/usr/bin/swift-frontend -frontend -emit-module -experimental-skip-non-inlinable-function-bodies-without-types /Users/runner/work/SQLClient-Swift/SQLClient-Swift/Tests/SQLClientSwiftTests/SQLClientSwiftTests.swift -target arm64-apple-macosx13.0 -Xllvm -aarch64-use-tbi -enable-objc-interop -stack-check -sdk /Applications/Xcode_15.4.app/Contents/Developer/Platforms/MacOSX.platform/Developer/SDKs/MacOSX14.5.sdk -I /Users/runner/work/SQLClient-Swift/SQLClient-Swift/.build/arm64-apple-macosx/debug -I /opt/homebrew/opt/freetds/include -I /Applications/Xcode_15.4.app/Contents/Developer/Platforms/MacOSX.platform/Developer/usr/lib -F /Applications/Xcode_15.4.app/Contents/Developer/Platforms/MacOSX.platform/Developer/Library/Frameworks -enable-testing -g -module-cache-path /Users/runner/work/SQLClient-Swift/SQLClient-Swift/.build/arm64-apple-macosx/debug/ModuleCache -swift-version 5 -Onone -D SWIFT_PACKAGE -D DEBUG -new-driver-path /Applications/Xcode_15.4.app/Contents/Developer/Toolchains/XcodeDefault.xctoolchain/usr/bin/swift-driver -empty-abi-descriptor -resource-dir /Applications/Xcode_15.4.app/Contents/Developer/Toolchains/XcodeDefault.xctoolchain/usr/lib/swift -enable-anonymous-context-mangled-names -Xcc -fmodule-map-file=/Users/runner/work/SQLClient-Swift/SQLClient-Swift/Sources/CFreeTDS/module.modulemap -Xcc -isysroot -Xcc /Applications/Xcode_15.4.app/Contents/Developer/Platforms/MacOSX.platform/Developer/SDKs/MacOSX14.5.sdk -Xcc -F -Xcc /Applications/Xcode_15.4.app/Contents/Developer/Platforms/MacOSX.platform/Developer/Library/Frameworks -Xcc -fPIC -Xcc -g -module-name SQLClientSwiftTests -package-name sqlclient_swift -di***ble-clang-spi -target-sdk-version 14.5 -target-sdk-name macosx14.5 -external-plugin-path /Applications/Xcode_15.4.app/Contents/Developer/Platforms/MacOSX.platform/Developer/SDKs/MacOSX14.5.sdk/usr/lib/swift/host/plugins#/Applications/Xcode_15.4.app/Contents/Developer/Platforms/MacOSX.platform/Developer/SDKs/MacOSX14.5.sdk/usr/bin/swift-plugin-server -external-plugin-path /Applications/Xcode_15.4.app/Contents/Developer/Platforms/MacOSX.platform/Developer/SDKs/MacOSX14.5.sdk/usr/local/lib/swift/host/plugins#/Applications/Xcode_15.4.app/Contents/Developer/Platforms/MacOSX.platform/Developer/SDKs/MacOSX14.5.sdk/usr/bin/swift-plugin-server -external-plugin-path /Applications/Xcode_15.4.app/Contents/Developer/Platforms/MacOSX.platform/Developer/usr/lib/swift/host/plugins#/Applications/Xcode_15.4.app/Contents/Developer/Platforms/MacOSX.platform/Developer/usr/bin/swift-plugin-server -external-plugin-path /Applications/Xcode_15.4.app/Contents/Developer/Platforms/MacOSX.platform/Developer/usr/local/lib/swift/host/plugins#/Applications/Xcode_15.4.app/Contents/Developer/Platforms/MacOSX.platform/Developer/usr/bin/swift-plugin-server -plugin-path /Applications/Xcode_15.4.app/Contents/Developer/Toolchains/XcodeDefault.xctoolchain/usr/lib/swift/host/plugins -plugin-path /Applications/Xcode_15.4.app/Contents/Developer/Toolchains/XcodeDefault.xctoolchain/usr/local/lib/swift/host/plugins -emit-module-doc-path /Users/runner/work/SQLClient-Swift/SQLClient-Swift/.build/arm64-apple-macosx/debug/SQLClientSwiftTests.swiftdoc -emit-module-source-info-path /Users/runner/work/SQLClient-Swift/SQLClient-Swift/.build/arm64-apple-macosx/debug/SQLClientSwiftTests.swiftsourceinfo -emit-dependencies-path /Users/runner/work/SQLClient-Swift/SQLClient-Swift/.build/arm64-apple-macosx/debug/SQLClientSwiftTests.build/SQLClientSwiftTests.emit-module.d -parse-as-library -o /Users/runner/work/SQLClient-Swift/SQLClient-Swift/.build/arm64-apple-macosx/debug/SQLClientSwiftTests.swiftmodule -emit-abi-descriptor-path /Users/runner/work/SQLClient-Swift/SQLClient-Swift/.build/arm64-apple-macosx/debug/SQLClientSwiftTests.abi.json
2026-02-23T12:33:16.5103960Z /Users/runner/work/SQLClient-Swift/SQLClient-Swift/Tests/SQLClientSwiftTests/SQLClientSwiftTests.swift:43:9: warning: no calls to throwing functions occur within 'try' expression
2026-02-23T12:33:16.5106390Z         try await client.disconnect()
2026-02-23T12:33:16.5107100Z         ^
2026-02-23T12:33:16.5174540Z Write auxiliary file /Users/runner/work/SQLClient-Swift/SQLClient-Swift/.build/arm64-apple-macosx/debug/SQLClientSwiftPackageTests.product/Objects.LinkFileList
2026-02-23T12:33:16.5183940Z /Applications/Xcode_15.4.app/Contents/Developer/Toolchains/XcodeDefault.xctoolchain/usr/bin/swiftc -L/opt/homebrew/opt/freetds/lib -lsybdb -liconv -v -L /Users/runner/work/SQLClient-Swift/SQLClient-Swift/.build/arm64-apple-macosx/debug -o /Users/runner/work/SQLClient-Swift/SQLClient-Swift/.build/arm64-apple-macosx/debug/SQLClientSwiftPackageTests.xctest/Contents/MacOS/SQLClientSwiftPackageTests -module-name SQLClientSwiftPackageTests -Xlinker -bundle -Xlinker -rpath -Xlinker @loader_path/../../../ @/Users/runner/work/SQLClient-Swift/SQLClient-Swift/.build/arm64-apple-macosx/debug/SQLClientSwiftPackageTests.product/Objects.LinkFileList -target arm64-apple-macosx13.0 -Xlinker -add_ast_path -Xlinker /Users/runner/work/SQLClient-Swift/SQLClient-Swift/.build/arm64-apple-macosx/debug/SQLClientSwift.swiftmodule -Xlinker -add_ast_path -Xlinker /Users/runner/work/SQLClient-Swift/SQLClient-Swift/.build/arm64-apple-macosx/debug/SQLClientSwiftTests.swiftmodule -sdk /Applications/Xcode_15.4.app/Contents/Developer/Platforms/MacOSX.platform/Developer/SDKs/MacOSX14.5.sdk -F /Applications/Xcode_15.4.app/Contents/Developer/Platforms/MacOSX.platform/Developer/Library/Frameworks -I /Applications/Xcode_15.4.app/Contents/Developer/Platforms/MacOSX.platform/Developer/usr/lib -L /Applications/Xcode_15.4.app/Contents/Developer/Platforms/MacOSX.platform/Developer/usr/lib -g
2026-02-23T12:33:17.0738520Z Apple Swift version 5.10 (swiftlang-5.10.0.13 clang-1500.3.9.4)
2026-02-23T12:33:17.0739970Z Target: arm64-apple-macosx13.0
2026-02-23T12:33:17.0747580Z /Applications/Xcode_15.4.app/Contents/Developer/Toolchains/XcodeDefault.xctoolchain/usr/bin/clang /Users/runner/work/SQLClient-Swift/SQLClient-Swift/.build/arm64-apple-macosx/debug/SQLClientSwift.build/SQLClient.swift.o /Users/runner/work/SQLClient-Swift/SQLClient-Swift/.build/arm64-apple-macosx/debug/SQLClientSwift.build/SQLDataTable.swift.o /Users/runner/work/SQLClient-Swift/SQLClient-Swift/.build/arm64-apple-macosx/debug/SQLClientSwift.build/SQLRowDecoder.swift.o /Users/runner/work/SQLClient-Swift/SQLClient-Swift/.build/arm64-apple-macosx/debug/SQLClientSwiftTests.build/SQLClientSwiftTests.swift.o -F /Applications/Xcode_15.4.app/Contents/Developer/Platforms/MacOSX.platform/Developer/Library/Frameworks --sysroot /Applications/Xcode_15.4.app/Contents/Developer/Platforms/MacOSX.platform/Developer/SDKs/MacOSX14.5.sdk --target=arm64-apple-macosx13.0 /Applications/Xcode_15.4.app/Contents/Developer/Toolchains/XcodeDefault.xctoolchain/usr/lib/swift/macosx/libswiftCompatibilityPacks.a -L /Applications/Xcode_15.4.app/Contents/Developer/Toolchains/XcodeDefault.xctoolchain/usr/lib/swift/macosx -L /Applications/Xcode_15.4.app/Contents/Developer/Platforms/MacOSX.platform/Developer/SDKs/MacOSX14.5.sdk/usr/lib/swift -L /opt/homebrew/opt/freetds/lib -L /Users/runner/work/SQLClient-Swift/SQLClient-Swift/.build/arm64-apple-macosx/debug -L /Applications/Xcode_15.4.app/Contents/Developer/Platforms/MacOSX.platform/Developer/usr/lib -lsybdb -liconv -Xlinker -bundle -Xlinker -rpath -Xlinker @loader_path/../../../ -Xlinker -add_ast_path -Xlinker /Users/runner/work/SQLClient-Swift/SQLClient-Swift/.build/arm64-apple-macosx/debug/SQLClientSwift.swiftmodule -Xlinker -add_ast_path -Xlinker /Users/runner/work/SQLClient-Swift/SQLClient-Swift/.build/arm64-apple-macosx/debug/SQLClientSwiftTests.swiftmodule -o /Users/runner/work/SQLClient-Swift/SQLClient-Swift/.build/arm64-apple-macosx/debug/SQLClientSwiftPackageTests.xctest/Contents/MacOS/SQLClientSwiftPackageTests
2026-02-23T12:33:17.0765100Z /Applications/Xcode_15.4.app/Contents/Developer/Toolchains/XcodeDefault.xctoolchain/usr/bin/dsymutil /Users/runner/work/SQLClient-Swift/SQLClient-Swift/.build/arm64-apple-macosx/debug/SQLClientSwiftPackageTests.xctest/Contents/MacOS/SQLClientSwiftPackageTests -o /Users/runner/work/SQLClient-Swift/SQLClient-Swift/.build/arm64-apple-macosx/debug/SQLClientSwiftPackageTests.xctest/Contents/MacOS/SQLClientSwiftPackageTests.dSYM
2026-02-23T12:33:17.0766660Z Build complete! (9.00s)
2026-02-23T12:34:00.6445100Z Test Suite 'All tests' started at 2026-02-23 12:33:17.377.
2026-02-23T12:34:00.6671210Z Test Suite 'SQLClientSwiftPackageTests.xctest' started at 2026-02-23 12:33:17.378.
2026-02-23T12:34:00.6844260Z Test Suite 'SQLClientSwiftTests' started at 2026-02-23 12:33:17.378.
2026-02-23T12:34:00.6945840Z Test Case '-[SQLClientSwiftTests.SQLClientSwiftTests testAsDataTableFromResult]' started.
2026-02-23T12:34:00.7046140Z Test Case '-[SQLClientSwiftTests.SQLClientSwiftTests testAsDataTableFromResult]' passed (0.815 seconds).
2026-02-23T12:34:00.7147410Z Test Case '-[SQLClientSwiftTests.SQLClientSwiftTests testAsSQLDataSetFromResult]' started.
2026-02-23T12:34:00.7247880Z Test Case '-[SQLClientSwiftTests.SQLClientSwiftTests testAsSQLDataSetFromResult]' passed (0.715 seconds).
2026-02-23T12:34:00.7346190Z Test Case '-[SQLClientSwiftTests.SQLClientSwiftTests testBadSQLThrows]' started.
2026-02-23T12:34:00.7367840Z Test Case '-[SQLClientSwiftTests.SQLClientSwiftTests testBadSQLThrows]' passed (0.716 seconds).
2026-02-23T12:34:00.7395130Z Test Case '-[SQLClientSwiftTests.SQLClientSwiftTests testConnect]' started.
2026-02-23T12:34:00.7496680Z Test Case '-[SQLClientSwiftTests.SQLClientSwiftTests testConnect]' passed (1.099 seconds).
2026-02-23T12:34:00.7557810Z Test Case '-[SQLClientSwiftTests.SQLClientSwiftTests testDataSetCodableRoundTrip]' started.
2026-02-23T12:34:00.7559220Z Test Case '-[SQLClientSwiftTests.SQLClientSwiftTests testDataSetCodableRoundTrip]' passed (0.727 seconds).
2026-02-23T12:34:00.7560340Z Test Case '-[SQLClientSwiftTests.SQLClientSwiftTests testDataSetCount]' started.
2026-02-23T12:34:00.7654400Z Test Case '-[SQLClientSwiftTests.SQLClientSwiftTests testDataSetCount]' passed (0.722 seconds).
2026-02-23T12:34:00.7664890Z Test Case '-[SQLClientSwiftTests.SQLClientSwiftTests testDataSetSubscriptByIndex]' started.
2026-02-23T12:34:00.7665790Z Test Case '-[SQLClientSwiftTests.SQLClientSwiftTests testDataSetSubscriptByIndex]' passed (0.802 seconds).
2026-02-23T12:34:00.7666570Z Test Case '-[SQLClientSwiftTests.SQLClientSwiftTests testDataSetSubscriptByName]' started.
2026-02-23T12:34:00.7667340Z Test Case '-[SQLClientSwiftTests.SQLClientSwiftTests testDataSetSubscriptByName]' passed (0.703 seconds).
2026-02-23T12:34:00.7668240Z Test Case '-[SQLClientSwiftTests.SQLClientSwiftTests testDataSetSubscriptOutOfBoundsReturnsNil]' started.
2026-02-23T12:34:00.7669090Z Test Case '-[SQLClientSwiftTests.SQLClientSwiftTests testDataSetSubscriptOutOfBoundsReturnsNil]' passed (0.718 seconds).
2026-02-23T12:34:00.7670070Z Test Case '-[SQLClientSwiftTests.SQLClientSwiftTests testDataSetTablesAreAccessible]' started.
2026-02-23T12:34:00.7676080Z /Users/runner/work/SQLClient-Swift/SQLClient-Swift/Tests/SQLClientSwiftTests/SQLClientSwiftTests.swift:479: error: -[SQLClientSwiftTests.SQLClientSwiftTests testDataSetTablesAreAccessible] : XCTAssertEqual failed: ("Optional("100.0")") is not equal to ("Optional("100")")
2026-02-23T12:34:00.7724940Z Test Case '-[SQLClientSwiftTests.SQLClientSwiftTests testDataSetTablesAreAccessible]' failed (1.222 seconds).
2026-02-23T12:34:00.7758750Z Test Case '-[SQLClientSwiftTests.SQLClientSwiftTests testDataTableBoolCellValue]' started.
2026-02-23T12:34:00.7777650Z Test Case '-[SQLClientSwiftTests.SQLClientSwiftTests testDataTableBoolCellValue]' passed (0.717 seconds).
2026-02-23T12:34:00.7778850Z Test Case '-[SQLClientSwiftTests.SQLClientSwiftTests testDataTableCodablePreservesNullCell]' started.
2026-02-23T12:34:00.7780510Z Test Case '-[SQLClientSwiftTests.SQLClientSwiftTests testDataTableCodablePreservesNullCell]' passed (0.725 seconds).
2026-02-23T12:34:00.7781230Z Test Case '-[SQLClientSwiftTests.SQLClientSwiftTests testDataTableCodableRoundTrip]' started.
2026-02-23T12:34:00.7782220Z Test Case '-[SQLClientSwiftTests.SQLClientSwiftTests testDataTableCodableRoundTrip]' passed (0.721 seconds).
2026-02-23T12:34:00.7783160Z Test Case '-[SQLClientSwiftTests.SQLClientSwiftTests testDataTableColumnNames]' started.
2026-02-23T12:34:00.7784020Z Test Case '-[SQLClientSwiftTests.SQLClientSwiftTests testDataTableColumnNames]' passed (0.713 seconds).
2026-02-23T12:34:00.7784860Z Test Case '-[SQLClientSwiftTests.SQLClientSwiftTests testDataTableColumnValues]' started.
2026-02-23T12:34:00.7785480Z Test Case '-[SQLClientSwiftTests.SQLClientSwiftTests testDataTableColumnValues]' passed (0.713 seconds).
2026-02-23T12:34:00.7786280Z Test Case '-[SQLClientSwiftTests.SQLClientSwiftTests testDataTableDateCellValue]' started.
2026-02-23T12:34:00.7787220Z /Users/runner/work/SQLClient-Swift/SQLClient-Swift/Tests/SQLClientSwiftTests/SQLClientSwiftTests.swift:292: error: -[SQLClientSwiftTests.SQLClientSwiftTests testDataTableDateCellValue] : XCTAssertTrue failed
2026-02-23T12:34:00.7788270Z Test Case '-[SQLClientSwiftTests.SQLClientSwiftTests testDataTableDateCellValue]' failed (0.718 seconds).
2026-02-23T12:34:00.7788880Z Test Case '-[SQLClientSwiftTests.SQLClientSwiftTests testDataTableDecimalCellValue]' started.
2026-02-23T12:34:00.7790350Z /Users/runner/work/SQLClient-Swift/SQLClient-Swift/Tests/SQLClientSwiftTests/SQLClientSwiftTests.swift:308: error: -[SQLClientSwiftTests.SQLClientSwiftTests testDataTableDecimalCellValue] : failed - Expected .decimal or .string cell, got bytes(35 bytes)
2026-02-23T12:34:00.7791530Z Test Case '-[SQLClientSwiftTests.SQLClientSwiftTests testDataTableDecimalCellValue]' failed (0.724 seconds).
2026-02-23T12:34:00.7792230Z Test Case '-[SQLClientSwiftTests.SQLClientSwiftTests testDataTableDecodeDecodable]' started.
2026-02-23T12:34:00.7793240Z /Users/runner/work/SQLClient-Swift/SQLClient-Swift/Tests/SQLClientSwiftTests/SQLClientSwiftTests.swift:370: error: -[SQLClientSwiftTests.SQLClientSwiftTests testDataTableDecodeDecodable] : XCTAssertEqual failed: ("1") is not equal to ("2")
2026-02-23T12:34:00.7794290Z Test Case '-[SQLClientSwiftTests.SQLClientSwiftTests testDataTableDecodeDecodable]' failed (0.728 seconds).
2026-02-23T12:34:00.7795080Z Test Case '-[SQLClientSwiftTests.SQLClientSwiftTests testDataTableDecodeOptionalField]' started.
2026-02-23T12:34:00.7795720Z Test Case '-[SQLClientSwiftTests.SQLClientSwiftTests testDataTableDecodeOptionalField]' passed (0.705 seconds).
2026-02-23T12:34:00.7796450Z Test Case '-[SQLClientSwiftTests.SQLClientSwiftTests testDataTableDisplayString]' started.
2026-02-23T12:34:00.7797080Z Test Case '-[SQLClientSwiftTests.SQLClientSwiftTests testDataTableDisplayString]' passed (0.720 seconds).
2026-02-23T12:34:00.7797800Z Test Case '-[SQLClientSwiftTests.SQLClientSwiftTests testDataTableNameAssignment]' started.
2026-02-23T12:34:00.7798490Z Test Case '-[SQLClientSwiftTests.SQLClientSwiftTests testDataTableNameAssignment]' passed (0.710 seconds).
2026-02-23T12:34:00.7799090Z Test Case '-[SQLClientSwiftTests.SQLClientSwiftTests testDataTableNullCell]' started.
2026-02-23T12:34:00.7799800Z Test Case '-[SQLClientSwiftTests.SQLClientSwiftTests testDataTableNullCell]' passed (0.715 seconds).
2026-02-23T12:34:00.7800570Z Test Case '-[SQLClientSwiftTests.SQLClientSwiftTests testDataTableRowAndColumnCount]' started.
2026-02-23T12:34:00.7801290Z Test Case '-[SQLClientSwiftTests.SQLClientSwiftTests testDataTableRowAndColumnCount]' passed (0.718 seconds).
2026-02-23T12:34:00.7802200Z Test Case '-[SQLClientSwiftTests.SQLClientSwiftTests testDataTableRowAsDictionary]' started.
2026-02-23T12:34:00.7802870Z Test Case '-[SQLClientSwiftTests.SQLClientSwiftTests testDataTableRowAsDictionary]' passed (0.720 seconds).
2026-02-23T12:34:00.7803650Z Test Case '-[SQLClientSwiftTests.SQLClientSwiftTests testDataTableStringCellValue]' started.
2026-02-23T12:34:00.7804310Z Test Case '-[SQLClientSwiftTests.SQLClientSwiftTests testDataTableStringCellValue]' passed (0.721 seconds).
2026-02-23T12:34:00.7805020Z Test Case '-[SQLClientSwiftTests.SQLClientSwiftTests testDataTableSubscriptByIndex]' started.
2026-02-23T12:34:00.7805690Z Test Case '-[SQLClientSwiftTests.SQLClientSwiftTests testDataTableSubscriptByIndex]' passed (0.724 seconds).
2026-02-23T12:34:00.7806390Z Test Case '-[SQLClientSwiftTests.SQLClientSwiftTests testDataTableSubscriptByName]' started.
2026-02-23T12:34:00.7806990Z Test Case '-[SQLClientSwiftTests.SQLClientSwiftTests testDataTableSubscriptByName]' passed (0.718 seconds).
2026-02-23T12:34:00.7807680Z Test Case '-[SQLClientSwiftTests.SQLClientSwiftTests testDataTableSubscriptCaseInsensitive]' started.
2026-02-23T12:34:00.7808510Z Test Case '-[SQLClientSwiftTests.SQLClientSwiftTests testDataTableSubscriptCaseInsensitive]' passed (0.717 seconds).
2026-02-23T12:34:00.7809210Z Test Case '-[SQLClientSwiftTests.SQLClientSwiftTests testDataTableSubscriptOutOfBoundsReturnsNull]' started.
2026-02-23T12:34:00.7810070Z Test Case '-[SQLClientSwiftTests.SQLClientSwiftTests testDataTableSubscriptOutOfBoundsReturnsNull]' passed (0.711 seconds).
2026-02-23T12:34:00.7810900Z Test Case '-[SQLClientSwiftTests.SQLClientSwiftTests testDataTableToMarkdownContainsColumnNames]' started.
2026-02-23T12:34:00.7812290Z Test Case '-[SQLClientSwiftTests.SQLClientSwiftTests testDataTableToMarkdownContainsColumnNames]' passed (0.724 seconds).
2026-02-23T12:34:00.7813060Z Test Case '-[SQLClientSwiftTests.SQLClientSwiftTests testDataTableToMarkdownContainsValues]' started.
2026-02-23T12:34:00.7813880Z Test Case '-[SQLClientSwiftTests.SQLClientSwiftTests testDataTableToMarkdownContainsValues]' passed (0.723 seconds).
2026-02-23T12:34:00.7814570Z Test Case '-[SQLClientSwiftTests.SQLClientSwiftTests testDataTableToMarkdownHasHeaderSeparator]' started.
2026-02-23T12:34:00.7815370Z Test Case '-[SQLClientSwiftTests.SQLClientSwiftTests testDataTableToMarkdownHasHeaderSeparator]' passed (0.707 seconds).
2026-02-23T12:34:00.7816180Z Test Case '-[SQLClientSwiftTests.SQLClientSwiftTests testDataTableToMarkdownIncludesName]' started.
2026-02-23T12:34:00.7816870Z Test Case '-[SQLClientSwiftTests.SQLClientSwiftTests testDataTableToMarkdownIncludesName]' passed (0.718 seconds).
2026-02-23T12:34:00.7817590Z Test Case '-[SQLClientSwiftTests.SQLClientSwiftTests testDataTableToMarkdownLineCount]' started.
2026-02-23T12:34:00.7818290Z Test Case '-[SQLClientSwiftTests.SQLClientSwiftTests testDataTableToMarkdownLineCount]' passed (0.722 seconds).
2026-02-23T12:34:00.7819040Z Test Case '-[SQLClientSwiftTests.SQLClientSwiftTests testDataTableToSQLRowsCount]' started.
2026-02-23T12:34:00.7819730Z Test Case '-[SQLClientSwiftTests.SQLClientSwiftTests testDataTableToSQLRowsCount]' passed (0.715 seconds).
2026-02-23T12:34:00.7820330Z Test Case '-[SQLClientSwiftTests.SQLClientSwiftTests testDataTableToSQLRowsValues]' started.
2026-02-23T12:34:00.7821040Z Test Case '-[SQLClientSwiftTests.SQLClientSwiftTests testDataTableToSQLRowsValues]' passed (0.729 seconds).
2026-02-23T12:34:00.7821650Z Test Case '-[SQLClientSwiftTests.SQLClientSwiftTests testDecodableSnakeCase]' started.
2026-02-23T12:34:00.7822730Z Test Case '-[SQLClientSwiftTests.SQLClientSwiftTests testDecodableSnakeCase]' passed (0.721 seconds).
2026-02-23T12:34:00.7823300Z Test Case '-[SQLClientSwiftTests.SQLClientSwiftTests testDecodableStruct]' started.
2026-02-23T12:34:00.7823960Z Test Case '-[SQLClientSwiftTests.SQLClientSwiftTests testDecodableStruct]' passed (0.719 seconds).
2026-02-23T12:34:00.7824540Z Test Case '-[SQLClientSwiftTests.SQLClientSwiftTests testDoubleConnectThrows]' started.
2026-02-23T12:34:00.7825480Z Test Case '-[SQLClientSwiftTests.SQLClientSwiftTests testDoubleConnectThrows]' passed (1.098 seconds).
2026-02-23T12:34:00.7826150Z Test Case '-[SQLClientSwiftTests.SQLClientSwiftTests testEmptySQLThrows]' started.
2026-02-23T12:34:00.7826730Z Test Case '-[SQLClientSwiftTests.SQLClientSwiftTests testEmptySQLThrows]' passed (0.542 seconds).
2026-02-23T12:34:00.7827350Z Test Case '-[SQLClientSwiftTests.SQLClientSwiftTests testMultipleResultSets]' started.
2026-02-23T12:34:00.7827940Z Test Case '-[SQLClientSwiftTests.SQLClientSwiftTests testMultipleResultSets]' passed (0.737 seconds).
2026-02-23T12:34:00.7828480Z Test Case '-[SQLClientSwiftTests.SQLClientSwiftTests testMultipleRows]' started.
2026-02-23T12:34:00.7829160Z Test Case '-[SQLClientSwiftTests.SQLClientSwiftTests testMultipleRows]' passed (0.721 seconds).
2026-02-23T12:34:00.7829700Z Test Case '-[SQLClientSwiftTests.SQLClientSwiftTests testNullParameter]' started.
2026-02-23T12:34:00.7830350Z Test Case '-[SQLClientSwiftTests.SQLClientSwiftTests testNullParameter]' passed (0.729 seconds).
2026-02-23T12:34:00.7830920Z Test Case '-[SQLClientSwiftTests.SQLClientSwiftTests testParameterCountMismatch]' started.
2026-02-23T12:34:00.7831610Z Test Case '-[SQLClientSwiftTests.SQLClientSwiftTests testParameterCountMismatch]' passed (0.548 seconds).
2026-02-23T12:34:00.7832240Z Test Case '-[SQLClientSwiftTests.SQLClientSwiftTests testParameterisedQuery]' started.
2026-02-23T12:34:00.7832820Z Test Case '-[SQLClientSwiftTests.SQLClientSwiftTests testParameterisedQuery]' passed (0.713 seconds).
2026-02-23T12:34:00.7833560Z Test Case '-[SQLClientSwiftTests.SQLClientSwiftTests testQueryBeforeConnectThrows]' started.
2026-02-23T12:34:00.7834270Z Test Case '-[SQLClientSwiftTests.SQLClientSwiftTests testQueryBeforeConnectThrows]' passed (0.542 seconds).
2026-02-23T12:34:00.7835040Z Test Case '-[SQLClientSwiftTests.SQLClientSwiftTests testRowsAffected]' started.
2026-02-23T12:34:00.7835710Z Test Case '-[SQLClientSwiftTests.SQLClientSwiftTests testRowsAffected]' passed (1.076 seconds).
2026-02-23T12:34:00.7836260Z Test Case '-[SQLClientSwiftTests.SQLClientSwiftTests testSelectBit]' started.
2026-02-23T12:34:00.7836780Z Test Case '-[SQLClientSwiftTests.SQLClientSwiftTests testSelectBit]' passed (0.728 seconds).
2026-02-23T12:34:00.7837440Z Test Case '-[SQLClientSwiftTests.SQLClientSwiftTests testSelectDateTime]' started.
2026-02-23T12:34:00.7837950Z Test Case '-[SQLClientSwiftTests.SQLClientSwiftTests testSelectDateTime]' passed (0.708 seconds).
2026-02-23T12:34:00.7838460Z Test Case '-[SQLClientSwiftTests.SQLClientSwiftTests testSelectFloat]' started.
2026-02-23T12:34:00.7838920Z Test Case '-[SQLClientSwiftTests.SQLClientSwiftTests testSelectFloat]' passed (0.728 seconds).
2026-02-23T12:34:00.7839400Z Test Case '-[SQLClientSwiftTests.SQLClientSwiftTests testSelectNull]' started.
2026-02-23T12:34:00.7839850Z Test Case '-[SQLClientSwiftTests.SQLClientSwiftTests testSelectNull]' passed (0.713 seconds).
2026-02-23T12:34:00.7840400Z Test Case '-[SQLClientSwiftTests.SQLClientSwiftTests testSelectScalar]' started.
2026-02-23T12:34:00.7840880Z Test Case '-[SQLClientSwiftTests.SQLClientSwiftTests testSelectScalar]' passed (0.709 seconds).
2026-02-23T12:34:00.7841370Z Test Case '-[SQLClientSwiftTests.SQLClientSwiftTests testSelectString]' started.
2026-02-23T12:34:00.7841960Z Test Case '-[SQLClientSwiftTests.SQLClientSwiftTests testSelectString]' passed (0.733 seconds).
2026-02-23T12:34:00.7842470Z Test Case '-[SQLClientSwiftTests.SQLClientSwiftTests testSQLCellValueAnyValueTypes]' started.
2026-02-23T12:34:00.7843050Z Test Case '-[SQLClientSwiftTests.SQLClientSwiftTests testSQLCellValueAnyValueTypes]' passed (0.544 seconds).
2026-02-23T12:34:00.7843620Z Test Case '-[SQLClientSwiftTests.SQLClientSwiftTests testSQLCellValueCodableBytes]' started.
2026-02-23T12:34:00.7927920Z Test Case '-[SQLClientSwiftTests.SQLClientSwiftTests testSQLCellValueCodableBytes]' passed (0.542 seconds).
2026-02-23T12:34:00.7928960Z Test Case '-[SQLClientSwiftTests.SQLClientSwiftTests testSQLCellValueCodableDate]' started.
2026-02-23T12:34:00.7929580Z Test Case '-[SQLClientSwiftTests.SQLClientSwiftTests testSQLCellValueCodableDate]' passed (0.541 seconds).
2026-02-23T12:34:00.7930190Z Test Case '-[SQLClientSwiftTests.SQLClientSwiftTests testSQLCellValueCodableRoundTrip]' started.
2026-02-23T12:34:00.7930830Z Test Case '-[SQLClientSwiftTests.SQLClientSwiftTests testSQLCellValueCodableRoundTrip]' passed (0.555 seconds).
2026-02-23T12:34:00.7931480Z Test Case '-[SQLClientSwiftTests.SQLClientSwiftTests testSQLCellValueDisplayStringBool]' started.
2026-02-23T12:34:00.7932130Z Test Case '-[SQLClientSwiftTests.SQLClientSwiftTests testSQLCellValueDisplayStringBool]' passed (0.548 seconds).
2026-02-23T12:34:00.7932790Z Test Case '-[SQLClientSwiftTests.SQLClientSwiftTests testSQLCellValueDisplayStringNull]' started.
2026-02-23T12:34:00.7933500Z Test Case '-[SQLClientSwiftTests.SQLClientSwiftTests testSQLCellValueDisplayStringNull]' passed (0.545 seconds).
2026-02-23T12:34:00.7934090Z Test Case '-[SQLClientSwiftTests.SQLClientSwiftTests testSQLCellValueEquality]' started.
2026-02-23T12:34:00.7934670Z Test Case '-[SQLClientSwiftTests.SQLClientSwiftTests testSQLCellValueEquality]' passed (0.553 seconds).
2026-02-23T12:34:00.7935270Z Test Suite 'SQLClientSwiftTests' failed at 2026-02-23 12:34:00.590.
2026-02-23T12:34:00.7935690Z 	 Executed 60 tests, with 4 failures (0 unexpected) in 43.207 (43.212) seconds
2026-02-23T12:34:00.7936140Z Test Suite 'SQLClientSwiftPackageTests.xctest' failed at 2026-02-23 12:34:00.591.
2026-02-23T12:34:00.7936570Z 	 Executed 60 tests, with 4 failures (0 unexpected) in 43.207 (43.213) seconds
2026-02-23T12:34:00.7936900Z Test Suite 'All tests' failed at 2026-02-23 12:34:00.591.
2026-02-23T12:34:00.7937310Z 	 Executed 60 tests, with 4 failures (0 unexpected) in 43.207 (43.214) seconds
2026-02-23T12:34:00.7945560Z ##[error]Process completed with exit code 1.
2026-02-23T12:34:00.8059390Z Post job cleanup.
2026-02-23T12:34:01.1395810Z [command]/opt/homebrew/bin/git version
2026-02-23T12:34:01.1628720Z git version 2.53.0
2026-02-23T12:34:01.1673770Z Copying '/Users/runner/.gitconfig' to '/Users/runner/work/_temp/3882fe41-6298-436f-a44b-b057f57f55a8/.gitconfig'
2026-02-23T12:34:01.1686400Z Temporarily overriding HOME='/Users/runner/work/_temp/3882fe41-6298-436f-a44b-b057f57f55a8' before making global git config changes
2026-02-23T12:34:01.1688790Z Adding repository directory to the temporary git global config as a ***fe directory
2026-02-23T12:34:01.1698570Z [command]/opt/homebrew/bin/git config --global --add ***fe.directory /Users/runner/work/SQLClient-Swift/SQLClient-Swift
2026-02-23T12:34:01.1803160Z [command]/opt/homebrew/bin/git config --local --name-only --get-regexp core\.sshCommand
2026-02-23T12:34:01.1869090Z [command]/opt/homebrew/bin/git submodule foreach --recursive sh -c "git config --local --name-only --get-regexp 'core\.sshCommand' && git config --local --unset-all 'core.sshCommand' || :"
2026-02-23T12:34:01.2752920Z [command]/opt/homebrew/bin/git config --local --name-only --get-regexp http\.https\:\/\/github\.com\/\.extraheader
2026-02-23T12:34:01.2799090Z http.https://github.com/.extraheader
2026-02-23T12:34:01.2808740Z [command]/opt/homebrew/bin/git config --local --unset-all http.https://github.com/.extraheader
2026-02-23T12:34:01.2862780Z [command]/opt/homebrew/bin/git submodule foreach --recursive sh -c "git config --local --name-only --get-regexp 'http\.https\:\/\/github\.com\/\.extraheader' && git config --local --unset-all 'http.https://github.com/.extraheader' || :"
2026-02-23T12:34:01.3788550Z [command]/opt/homebrew/bin/git config --local --name-only --get-regexp ^includeIf\.gitdir:
2026-02-23T12:34:01.3945420Z [command]/opt/homebrew/bin/git submodule foreach --recursive git config --local --show-origin --name-only --get-regexp remote.origin.url
2026-02-23T12:34:01.5983210Z Cleaning up orphan processes
